

*******************************************************************************
Fri Jul 26 08:43:03 2024


FIT:    data read from 'datos.txt'
        format = z
        #datapoints = 235
        residuals are weighted equally (unit weight)

function used for fitting: f(x)
fitted parameters initialized with current variable values



*******************************************************************************
Fri Jul 26 08:43:24 2024


FIT:    data read from 'datos.txt'
        format = z
        #datapoints = 235
        residuals are weighted equally (unit weight)

function used for fitting: f(x)
	f(x) = mx + b
fitted parameters initialized with current variable values



*******************************************************************************
Fri Jul 26 08:43:38 2024


FIT:    data read from 'datos.txt'
        format = z
        #datapoints = 235
        residuals are weighted equally (unit weight)

function used for fitting: f(x)
	f(x) = m*x + b
fitted parameters initialized with current variable values

iter      chisq       delta/lim  lambda   m             b            
   0 1.1601691500e+02   0.00e+00  1.19e+00    1.000000e+00   1.000000e+00
BREAK: Singular matrix in Invert_RtR

*******************************************************************************
Fri Jul 26 08:45:13 2024


FIT:    data read from 'datos.txt'
        format = z
        #datapoints = 235
        residuals are weighted equally (unit weight)

function used for fitting: f(x)
	f(x) = m*x + b
fitted parameters initialized with current variable values

iter      chisq       delta/lim  lambda   m             b            
   0 2.2219297000e+02   0.00e+00  6.44e-01    1.000000e-01   9.000000e-01
BREAK: Singular matrix in Invert_RtR

*******************************************************************************
Fri Jul 26 08:49:46 2024


FIT:    data read from 'datos.txt' u 1:4
        format = x:z
        #datapoints = 235
        residuals are weighted equally (unit weight)

function used for fitting: f(x)
	f(x) = m*x + b
fitted parameters initialized with current variable values

iter      chisq       delta/lim  lambda   m             b            
   0 3.5366681277e+04   0.00e+00  1.41e+00    3.710530e-15   1.988987e+00
BREAK: Singular matrix in Invert_RtR

*******************************************************************************
Fri Jul 26 08:51:59 2024


FIT:    data read from 'datos.txt' u 1:4
        format = x:z
        #datapoints = 235
        residuals are weighted equally (unit weight)

function used for fitting: f(x)
	f(x) = m*x + b
fitted parameters initialized with current variable values

iter      chisq       delta/lim  lambda   m             b            
   0 3.1093949288e+04   0.00e+00  6.44e-01    1.000000e-01   9.000000e-01
   5 1.7114813171e-07  -2.41e-07  6.44e-01   -9.810017e+00   3.160955e+00

After 5 iterations the fit converged.
final sum of squares of residuals : 1.71148e-07
rel. change during last iteration : -2.41301e-12

degrees of freedom    (FIT_NDF)                        : 233
rms of residuals      (FIT_STDFIT) = sqrt(WSSR/ndf)    : 2.71024e-05
variance of residuals (reduced chisquare) = WSSR/ndf   : 7.34541e-10

Final set of parameters            Asymptotic Standard Error
=======================            ==========================
m               = -9.81002         +/- 2.606e-06    (2.657e-05%)
b               = 3.16095          +/- 3.525e-06    (0.0001115%)

correlation matrix of the fit parameters:
                m      b      
m               1.000 
b              -0.865  1.000 


*******************************************************************************
Thu Aug 15 18:06:16 2024


FIT:    data read from 'datos.txt'
        format = z
        #datapoints = 235
        residuals are weighted equally (unit weight)

function used for fitting: f(x)
	f(x) = ax^2 + bx + c
fitted parameters initialized with current variable values



*******************************************************************************
Thu Aug 15 18:06:40 2024


FIT:    data read from 'datos.txt'
        format = z
        #datapoints = 235
        residuals are weighted equally (unit weight)

function used for fitting: f(x)
	f(x) = axx + bx + c
fitted parameters initialized with current variable values



*******************************************************************************
Thu Aug 15 18:06:51 2024


FIT:    data read from 'datos.txt'
        format = z
        #datapoints = 235
        residuals are weighted equally (unit weight)

function used for fitting: f(x)
	f(x) = ax2 + bx + c
fitted parameters initialized with current variable values



*******************************************************************************
Thu Aug 15 18:07:13 2024


FIT:    data read from 'datos.txt'
        format = z
        #datapoints = 235
        residuals are weighted equally (unit weight)

function used for fitting: f(x)
	f(x) = a*x*x + b*x + c
fitted parameters initialized with current variable values

iter      chisq       delta/lim  lambda   a             b             c            
   0 2.1976663161e+03   0.00e+00  1.72e+00    1.000000e+00   1.000000e+00   1.000000e+00
  47 1.8827546010e-26   0.00e+00  1.72e+02   -2.154712e-14   5.208385e-14   1.987000e+00

After 47 iterations the fit converged.
final sum of squares of residuals : 1.88275e-26
rel. change during last iteration : 0

degrees of freedom    (FIT_NDF)                        : 232
rms of residuals      (FIT_STDFIT) = sqrt(WSSR/ndf)    : 9.00851e-15
variance of residuals (reduced chisquare) = WSSR/ndf   : 8.11532e-29

Final set of parameters            Asymptotic Standard Error
=======================            ==========================
a               = -2.15471e-14     +/- 1.539e-16    (0.7144%)
b               = 5.20839e-14      +/- 3.248e-16    (0.6236%)
c               = 1.987            +/- 7.932e-16    (3.992e-14%)

correlation matrix of the fit parameters:
                a      b      c      
a               1.000 
b               0.286  1.000 
c              -0.500 -0.573  1.000 


*******************************************************************************
Thu Aug 15 18:07:58 2024


FIT:    data read from 'datos.txt' u 1:3
        format = x:z
        #datapoints = 235
        residuals are weighted equally (unit weight)

function used for fitting: f(x)
	f(x) = a*x*x + b*x + c
fitted parameters initialized with current variable values

iter      chisq       delta/lim  lambda   a             b             c            
   0 1.7202983238e+04   0.00e+00  1.15e+00   -2.154712e-14   5.208385e-14   1.987000e+00
   2 8.5267220254e+03  -2.04e-01  1.15e-02   -2.154712e-14   5.208385e-14  -4.089204e+00

After 2 iterations the fit converged.
final sum of squares of residuals : 8526.72
rel. change during last iteration : -2.04146e-06

degrees of freedom    (FIT_NDF)                        : 232
rms of residuals      (FIT_STDFIT) = sqrt(WSSR/ndf)    : 6.06243
variance of residuals (reduced chisquare) = WSSR/ndf   : 36.7531

Final set of parameters            Asymptotic Standard Error
=======================            ==========================
a               = -2.15471e-14     +/- 0.04551      (2.112e+14%)
b               = 5.20839e-14      +/- 0.08969      (1.722e+14%)
c               = -4.0892          +/- 0.4214       (10.3%)

correlation matrix of the fit parameters:
                a      b      c      
a               1.000 
b               0.062  1.000 
c              -0.225 -0.275  1.000 


*******************************************************************************
Thu Aug 15 18:09:35 2024


FIT:    data read from 'datos.txt' u 1:3
        format = x:z
        #datapoints = 235
        residuals are weighted equally (unit weight)

function used for fitting: f(x)
	f(x) = a*x*x + b*x + c
fitted parameters initialized with current variable values

iter      chisq       delta/lim  lambda   a             b             c            
   0 1.7673680901e+04   0.00e+00  7.19e-01    1.000000e-01   9.000000e-01   1.000000e-01
   5 4.7655564125e-08  -2.73e-06  7.19e-06   -4.905008e+00   3.111913e+00   1.241607e+00

After 5 iterations the fit converged.
final sum of squares of residuals : 4.76556e-08
rel. change during last iteration : -2.72565e-11

degrees of freedom    (FIT_NDF)                        : 232
rms of residuals      (FIT_STDFIT) = sqrt(WSSR/ndf)    : 1.43322e-05
variance of residuals (reduced chisquare) = WSSR/ndf   : 2.05412e-10

Final set of parameters            Asymptotic Standard Error
=======================            ==========================
a               = -4.90501         +/- 2.271e-06    (4.631e-05%)
b               = 3.11191          +/- 5.491e-06    (0.0001764%)
c               = 1.24161          +/- 2.781e-06    (0.000224%)

correlation matrix of the fit parameters:
                a      b      c      
a               1.000 
b              -0.968  1.000 
c               0.742 -0.864  1.000 
